../Core/Src/main.c:102:5:main	8	static
../Core/Src/main.c:229:6:SystemClock_Config	88	static
../Core/Src/main.c:271:13:MX_ADC1_Init	24	static
../Core/Src/main.c:323:13:MX_ADC2_Init	24	static
../Core/Src/main.c:375:13:MX_TIM1_Init	112	static
../Core/Src/main.c:459:13:MX_TIM6_Init	24	static
../Core/Src/main.c:497:13:MX_TIM8_Init	112	static
../Core/Src/main.c:577:13:MX_GPIO_Init	56	static
../Core/Src/main.c:697:6:adc_process	8	static
../Core/Src/main.c:761:6:podushka	4	static
../Core/Src/main.c:778:6:Error_Handler	4	static,ignoring_inline_asm
